2026-01-02T18:29:40.931+01:00  WARN 21672 --- [SmartLogiV2] [main] org.hibernate.orm.deprecation            : HHH90000025: H2Dialect does not need to be specified explicitly using 'hibernate.dialect' (remove the property setting and it will be selected by default)
2026-01-02T18:29:41.724+01:00  WARN 21672 --- [SmartLogiV2] [main] org.hibernate.mapping.RootClass          : HHH000038: Composite-id class does not override equals(): com.app.api.entity.ColisProduitKey
2026-01-02T18:29:41.724+01:00  WARN 21672 --- [SmartLogiV2] [main] org.hibernate.mapping.RootClass          : HHH000039: Composite-id class does not override hashCode(): com.app.api.entity.ColisProduitKey
2026-01-02T18:29:44.887+01:00  WARN 21672 --- [SmartLogiV2] [main] r$InitializeUserDetailsManagerConfigurer : Global AuthenticationManager configured with an AuthenticationProvider bean. UserDetailsService beans will not be used by Spring Security for automatically configuring username/password login. Consider removing the AuthenticationProvider bean. Alternatively, consider using the UserDetailsService in a manually instantiated DaoAuthenticationProvider. If the current configuration is intentional, to turn off this warning, increase the logging level of 'org.springframework.security.config.annotation.authentication.configuration.InitializeUserDetailsBeanManagerConfigurer' to ERROR
2026-01-02T18:29:47.253+01:00  WARN 21672 --- [SmartLogiV2] [main] JpaBaseConfiguration$JpaWebConfiguration : spring.jpa.open-in-view is enabled by default. Therefore, database queries may be performed during view rendering. Explicitly configure spring.jpa.open-in-view to disable this warning
2026-01-02T18:29:48.909+01:00  WARN 21672 --- [SmartLogiV2] [main] o.s.core.events.SpringDocAppInitializer  : SpringDoc /api-docs endpoint is enabled by default. To disable it in production, set the property 'springdoc.api-docs.enabled=false'
2026-01-02T18:29:48.909+01:00  WARN 21672 --- [SmartLogiV2] [main] o.s.core.events.SpringDocAppInitializer  : SpringDoc /swagger-ui.html endpoint is enabled by default. To disable it in production, set the property 'springdoc.swagger-ui.enabled=false'
2026-01-02T18:29:51.692+01:00 ERROR 21672 --- [SmartLogiV2] [main] com.app.api.service.ColisService         : la colis est déja on status : creer
2026-01-02T19:39:01.870+01:00  WARN 32620 --- [SmartLogiV2] [main] org.hibernate.mapping.RootClass          : HHH000038: Composite-id class does not override equals(): com.app.api.entity.ColisProduitKey
2026-01-02T19:39:01.874+01:00  WARN 32620 --- [SmartLogiV2] [main] org.hibernate.mapping.RootClass          : HHH000039: Composite-id class does not override hashCode(): com.app.api.entity.ColisProduitKey
2026-01-02T19:39:05.147+01:00  WARN 32620 --- [SmartLogiV2] [main] r$InitializeUserDetailsManagerConfigurer : Global AuthenticationManager configured with an AuthenticationProvider bean. UserDetailsService beans will not be used by Spring Security for automatically configuring username/password login. Consider removing the AuthenticationProvider bean. Alternatively, consider using the UserDetailsService in a manually instantiated DaoAuthenticationProvider. If the current configuration is intentional, to turn off this warning, increase the logging level of 'org.springframework.security.config.annotation.authentication.configuration.InitializeUserDetailsBeanManagerConfigurer' to ERROR
2026-01-02T19:39:06.791+01:00  WARN 32620 --- [SmartLogiV2] [main] JpaBaseConfiguration$JpaWebConfiguration : spring.jpa.open-in-view is enabled by default. Therefore, database queries may be performed during view rendering. Explicitly configure spring.jpa.open-in-view to disable this warning
2026-01-02T19:39:08.067+01:00  WARN 32620 --- [SmartLogiV2] [main] o.s.core.events.SpringDocAppInitializer  : SpringDoc /api-docs endpoint is enabled by default. To disable it in production, set the property 'springdoc.api-docs.enabled=false'
2026-01-02T19:39:08.067+01:00  WARN 32620 --- [SmartLogiV2] [main] o.s.core.events.SpringDocAppInitializer  : SpringDoc /swagger-ui.html endpoint is enabled by default. To disable it in production, set the property 'springdoc.swagger-ui.enabled=false'
2026-01-02T19:47:30.264+01:00  WARN 14192 --- [SmartLogiV2] [main] org.hibernate.orm.deprecation            : HHH90000025: H2Dialect does not need to be specified explicitly using 'hibernate.dialect' (remove the property setting and it will be selected by default)
2026-01-02T19:47:31.314+01:00  WARN 14192 --- [SmartLogiV2] [main] org.hibernate.mapping.RootClass          : HHH000038: Composite-id class does not override equals(): com.app.api.entity.ColisProduitKey
2026-01-02T19:47:31.314+01:00  WARN 14192 --- [SmartLogiV2] [main] org.hibernate.mapping.RootClass          : HHH000039: Composite-id class does not override hashCode(): com.app.api.entity.ColisProduitKey
2026-01-02T19:47:36.467+01:00  WARN 14192 --- [SmartLogiV2] [main] r$InitializeUserDetailsManagerConfigurer : Global AuthenticationManager configured with an AuthenticationProvider bean. UserDetailsService beans will not be used by Spring Security for automatically configuring username/password login. Consider removing the AuthenticationProvider bean. Alternatively, consider using the UserDetailsService in a manually instantiated DaoAuthenticationProvider. If the current configuration is intentional, to turn off this warning, increase the logging level of 'org.springframework.security.config.annotation.authentication.configuration.InitializeUserDetailsBeanManagerConfigurer' to ERROR
2026-01-02T19:47:38.443+01:00  WARN 14192 --- [SmartLogiV2] [main] JpaBaseConfiguration$JpaWebConfiguration : spring.jpa.open-in-view is enabled by default. Therefore, database queries may be performed during view rendering. Explicitly configure spring.jpa.open-in-view to disable this warning
2026-01-02T19:47:40.787+01:00  WARN 14192 --- [SmartLogiV2] [main] o.s.core.events.SpringDocAppInitializer  : SpringDoc /api-docs endpoint is enabled by default. To disable it in production, set the property 'springdoc.api-docs.enabled=false'
2026-01-02T19:47:40.787+01:00  WARN 14192 --- [SmartLogiV2] [main] o.s.core.events.SpringDocAppInitializer  : SpringDoc /swagger-ui.html endpoint is enabled by default. To disable it in production, set the property 'springdoc.swagger-ui.enabled=false'
2026-01-02T19:47:44.314+01:00 ERROR 14192 --- [SmartLogiV2] [main] com.app.api.service.ColisService         : la colis est déja on status : creer
2026-01-02T19:54:44.660+01:00  WARN 29240 --- [SmartLogiV2] [main] org.hibernate.orm.deprecation            : HHH90000025: H2Dialect does not need to be specified explicitly using 'hibernate.dialect' (remove the property setting and it will be selected by default)
2026-01-02T19:54:45.445+01:00  WARN 29240 --- [SmartLogiV2] [main] org.hibernate.mapping.RootClass          : HHH000038: Composite-id class does not override equals(): com.app.api.entity.ColisProduitKey
2026-01-02T19:54:45.445+01:00  WARN 29240 --- [SmartLogiV2] [main] org.hibernate.mapping.RootClass          : HHH000039: Composite-id class does not override hashCode(): com.app.api.entity.ColisProduitKey
2026-01-02T19:54:48.732+01:00  WARN 29240 --- [SmartLogiV2] [main] r$InitializeUserDetailsManagerConfigurer : Global AuthenticationManager configured with an AuthenticationProvider bean. UserDetailsService beans will not be used by Spring Security for automatically configuring username/password login. Consider removing the AuthenticationProvider bean. Alternatively, consider using the UserDetailsService in a manually instantiated DaoAuthenticationProvider. If the current configuration is intentional, to turn off this warning, increase the logging level of 'org.springframework.security.config.annotation.authentication.configuration.InitializeUserDetailsBeanManagerConfigurer' to ERROR
2026-01-02T19:54:50.414+01:00  WARN 29240 --- [SmartLogiV2] [main] JpaBaseConfiguration$JpaWebConfiguration : spring.jpa.open-in-view is enabled by default. Therefore, database queries may be performed during view rendering. Explicitly configure spring.jpa.open-in-view to disable this warning
2026-01-02T19:54:52.033+01:00  WARN 29240 --- [SmartLogiV2] [main] o.s.core.events.SpringDocAppInitializer  : SpringDoc /api-docs endpoint is enabled by default. To disable it in production, set the property 'springdoc.api-docs.enabled=false'
2026-01-02T19:54:52.033+01:00  WARN 29240 --- [SmartLogiV2] [main] o.s.core.events.SpringDocAppInitializer  : SpringDoc /swagger-ui.html endpoint is enabled by default. To disable it in production, set the property 'springdoc.swagger-ui.enabled=false'
2026-01-02T19:54:54.624+01:00 ERROR 29240 --- [SmartLogiV2] [main] com.app.api.service.ColisService         : la colis est déja on status : creer
